[preflight] GPTW_GPT2_NATIVE_LORA_B_LOW_RESPONSE_PARETO_GPU_V1_R2_STRICT gpu=NVIDIA A100-SXM4-40GB seeds=[91841, 91842, 91843, 91844, 91845, 91846, 91847, 91848]
`torch_dtype` is deprecated! Use `dtype` instead!
2026-08-30 11:46:41.433294: I tensorflow/core/util/port.cc:153] oneDNN custom operations are on. You may see slightly different numerical results due to floating-point round-off errors from different computation orders. To turn them off, set the environment variable `TF_ENABLE_ONEDNN_OPTS=0`.
2026-08-30 11:46:41.498093: I tensorflow/core/platform/cpu_feature_guard.cc:210] This TensorFlow binary is optimized to use available CPU instructions in performance-critical operations.
To enable the following instructions: AVX2 AVX512F AVX512_VNNI FMA, in other operations, rebuild TensorFlow with the appropriate compiler flags.
[seed 1/8] 91841
{
  "pre_heldout_loss": 9.261899948120117,
  "post_heldout_loss": 7.635415077209473,
  "heldout_loss_gain": 1.6264848709106445,
  "source_response_rank": 12,
  "audited_nodes_total": 4,
  "primary_noninitial_nodes": 3,
  "maximum_row_space_rotation": 0.9941711967825173,
  "current_beats_actual_nodes": 3,
  "median_current_minus_actual_auc": 0.0600499841901991,
  "current_beats_source_kernel_nodes": 3,
  "median_current_minus_source_kernel_auc": 0.055599133173624665,
  "current_beats_far_time_kernel_nodes": 3,
  "median_current_minus_far_time_kernel_auc": 0.04659512307908799,
  "current_beats_permuted_kernel_nodes": 3,
  "median_current_minus_permuted_kernel_auc": 0.06006346808539496,
  "current_beats_best_of_16_random_current_kernel_nodes": 3,
  "median_current_minus_best_of_16_random_current_kernel_auc": 0.057398239771525056
}
[seed 2/8] 91842
{
  "pre_heldout_loss": 9.261899948120117,
  "post_heldout_loss": 3.889615774154663,
  "heldout_loss_gain": 5.372284173965454,
  "source_response_rank": 12,
  "audited_nodes_total": 4,
  "primary_noninitial_nodes": 3,
  "maximum_row_space_rotation": 0.7318856877838655,
  "current_beats_actual_nodes": 3,
  "median_current_minus_actual_auc": 0.19898174868689641,
  "current_beats_source_kernel_nodes": 3,
  "median_current_minus_source_kernel_auc": 0.1632791095309787,
  "current_beats_far_time_kernel_nodes": 3,
  "median_current_minus_far_time_kernel_auc": 0.14755303329891628,
  "current_beats_permuted_kernel_nodes": 3,
  "median_current_minus_permuted_kernel_auc": 0.1989756425221761,
  "current_beats_best_of_16_random_current_kernel_nodes": 3,
  "median_current_minus_best_of_16_random_current_kernel_auc": 0.20955610275268552
}
[seed 3/8] 91843
{
  "pre_heldout_loss": 9.261899948120117,
  "post_heldout_loss": 9.185552597045898,
  "heldout_loss_gain": 0.07634735107421875,
  "source_response_rank": 12,
  "audited_nodes_total": 4,
  "primary_noninitial_nodes": 3,
  "maximum_row_space_rotation": 1.0336678013904335,
  "current_beats_actual_nodes": 1,
  "median_current_minus_actual_auc": 0.0,
  "current_beats_source_kernel_nodes": 1,
  "median_current_minus_source_kernel_auc": 0.0,
  "current_beats_far_time_kernel_nodes": 1,
  "median_current_minus_far_time_kernel_auc": 0.0,
  "current_beats_permuted_kernel_nodes": 1,
  "median_current_minus_permuted_kernel_auc": 0.0,
  "current_beats_best_of_16_random_current_kernel_nodes": 1,
  "median_current_minus_best_of_16_random_current_kernel_auc": -0.006350517272949219
}
[seed 4/8] 91844
{
  "pre_heldout_loss": 9.261899948120117,
  "post_heldout_loss": 8.10604190826416,
  "heldout_loss_gain": 1.155858039855957,
  "source_response_rank": 12,
  "audited_nodes_total": 4,
  "primary_noninitial_nodes": 3,
  "maximum_row_space_rotation": 0.8484113385640895,
  "current_beats_actual_nodes": 1,
  "median_current_minus_actual_auc": 0.0,
  "current_beats_source_kernel_nodes": 1,
  "median_current_minus_source_kernel_auc": 0.0,
  "current_beats_far_time_kernel_nodes": 1,
  "median_current_minus_far_time_kernel_auc": 0.0,
  "current_beats_permuted_kernel_nodes": 1,
  "median_current_minus_permuted_kernel_auc": 0.0,
  "current_beats_best_of_16_random_current_kernel_nodes": 2,
  "median_current_minus_best_of_16_random_current_kernel_auc": 0.004700660705566406
}
[seed 5/8] 91845
{
  "pre_heldout_loss": 9.261899948120117,
  "post_heldout_loss": 5.775423049926758,
  "heldout_loss_gain": 3.4864768981933594,
  "source_response_rank": 12,
  "audited_nodes_total": 4,
  "primary_noninitial_nodes": 3,
  "maximum_row_space_rotation": 0.8083782236578011,
  "current_beats_actual_nodes": 3,
  "median_current_minus_actual_auc": 0.12906535466512045,
  "current_beats_source_kernel_nodes": 3,
  "median_current_minus_source_kernel_auc": 0.09998994403415257,
  "current_beats_far_time_kernel_nodes": 3,
  "median_current_minus_far_time_kernel_auc": 0.10011408064100479,
  "current_beats_permuted_kernel_nodes": 3,
  "median_current_minus_permuted_kernel_auc": 0.12905592388576934,
  "current_beats_best_of_16_random_current_kernel_nodes": 3,
  "median_current_minus_best_of_16_random_current_kernel_auc": 0.12939794858296713
}
[seed 6/8] 91846
{
  "pre_heldout_loss": 9.261899948120117,
  "post_heldout_loss": 5.613862037658691,
  "heldout_loss_gain": 3.648037910461426,
  "source_response_rank": 12,
  "audited_nodes_total": 4,
  "primary_noninitial_nodes": 3,
  "maximum_row_space_rotation": 0.7293838455245354,
  "current_beats_actual_nodes": 3,
  "median_current_minus_actual_auc": 0.1186602645450168,
  "current_beats_source_kernel_nodes": 3,
  "median_current_minus_source_kernel_auc": 0.09299355083041719,
  "current_beats_far_time_kernel_nodes": 3,
  "median_current_minus_far_time_kernel_auc": 0.07829096582200791,
  "current_beats_permuted_kernel_nodes": 3,
  "median_current_minus_permuted_kernel_auc": 0.11867682139078774,
  "current_beats_best_of_16_random_current_kernel_nodes": 3,
  "median_current_minus_best_of_16_random_current_kernel_auc": 0.11973381042480466
}
[seed 7/8] 91847
{
  "pre_heldout_loss": 9.261899948120117,
  "post_heldout_loss": 6.624776840209961,
  "heldout_loss_gain": 2.6371231079101562,
  "source_response_rank": 12,
  "audited_nodes_total": 4,
  "primary_noninitial_nodes": 3,
  "maximum_row_space_rotation": 0.6189993236618402,
  "current_beats_actual_nodes": 3,
  "median_current_minus_actual_auc": 0.0944379170735677,
  "current_beats_source_kernel_nodes": 3,
  "median_current_minus_source_kernel_auc": 0.0810404618581136,
  "current_beats_far_time_kernel_nodes": 3,
  "median_current_minus_far_time_kernel_auc": 0.06166564093695745,
  "current_beats_permuted_kernel_nodes": 3,
  "median_current_minus_permuted_kernel_auc": 0.09445794423421223,
  "current_beats_best_of_16_random_current_kernel_nodes": 3,
  "median_current_minus_best_of_16_random_current_kernel_auc": 0.10024738311767578
}
[seed 8/8] 91848
{
  "pre_heldout_loss": 9.261899948120117,
  "post_heldout_loss": 9.0360107421875,
  "heldout_loss_gain": 0.2258892059326172,
  "source_response_rank": 12,
  "audited_nodes_total": 4,
  "primary_noninitial_nodes": 3,
  "maximum_row_space_rotation": 0.8021321540750337,
  "current_beats_actual_nodes": 2,
  "median_current_minus_actual_auc": 0.003496328989664714,
  "current_beats_source_kernel_nodes": 2,
  "median_current_minus_source_kernel_auc": 0.003312985102335612,
  "current_beats_far_time_kernel_nodes": 2,
  "median_current_minus_far_time_kernel_auc": 0.002541462580362956,
  "current_beats_permuted_kernel_nodes": 2,
  "median_current_minus_permuted_kernel_auc": 0.00349169307284885,
  "current_beats_best_of_16_random_current_kernel_nodes": 2,
  "median_current_minus_best_of_16_random_current_kernel_auc": 0.00417327880859375
}
========================================================================================
{
  "decision": "GPT2_LORA_LOW_RESPONSE_PARETO_STRICT_CONFIRMED",
  "cohort_gates": {
    "complete_8_seeds": true,
    "at_least_6_supporting_seeds": true,
    "random_current_seed_contrast_at_least_6_positive": true,
    "random_current_bootstrap_ci_lower_positive": true
  }
}
RESULT ZIP: /content/gptw_lora_pareto_gpu_8seed_r2_results.zip
SHA-256: ca2c188f2b1868616b5cfafed0b9790a46475a7d6ec2d10ac531dcae4cc390f5
